CREATE or replace FUNCTION echo_arr_int(arg int4[]) RETURNS int4[] AS $$ 
if arg ~= nil then
    for k,v in pairs(arg) do
    print(tostring(k).. ' : '..tostring(v))
    end
    if arg[-1] then
        return {[-2] = 5, [2] = 10}
    end
end

return arg
$$ LANGUAGE pllj;
CREATE or replace FUNCTION echo_arr_int(arg int2[]) RETURNS int2[] AS $$ 
if arg ~= nil then
    for k,v in pairs(arg) do
    print(tostring(k).. ' : '..tostring(v))
    end
    if arg[-1] then
        --TODO wraparound or error
        return {[-2] = 5, [2] = 256*256 + 10}
    end
end
return arg
$$ LANGUAGE pllj;
CREATE or replace FUNCTION echo_arr_int(arg int8[]) RETURNS int8[] AS $$ 
if arg ~= nil then
    for k,v in pairs(arg) do
    print(tostring(k).. ' : '..tostring(v))
    end
    if arg[-1] then
        return {[-2] = 5, [2] = 256*256 + 10}
    end
end
return arg
$$ LANGUAGE pllj;
select quote_nullable(echo_arr_int(NULL::int4[]));
 quote_nullable 
----------------
 NULL
(1 row)

SELECT echo_arr_int('{}'::int4[]);
 echo_arr_int 
--------------
 {}
(1 row)

SELECT echo_arr_int(array[1, 2, 3]::int4[]);
INFO:  1 : 1
INFO:  2 : 2
INFO:  3 : 3
 echo_arr_int 
--------------
 {1,2,3}
(1 row)

SELECT echo_arr_int(array[NULL, NULL, 7]::int4[]);
INFO:  1 : NULL
INFO:  2 : NULL
INFO:  3 : 7
 echo_arr_int  
---------------
 {NULL,NULL,7}
(1 row)

select echo_arr_int('[-1:0]={2,NULL}'::int4[]);
INFO:  0 : NULL
INFO:  -1 : 2
         echo_arr_int         
------------------------------
 [-2:2]={5,NULL,NULL,NULL,10}
(1 row)

select quote_nullable(echo_arr_int(NULL::int2[]));
 quote_nullable 
----------------
 NULL
(1 row)

SELECT echo_arr_int('{}'::int2[]);
 echo_arr_int 
--------------
 {}
(1 row)

SELECT echo_arr_int(array[1, 2, 3]::int2[]);
INFO:  1 : 1
INFO:  2 : 2
INFO:  3 : 3
 echo_arr_int 
--------------
 {1,2,3}
(1 row)

SELECT echo_arr_int(array[NULL, NULL, 7]::int2[]);
INFO:  1 : NULL
INFO:  2 : NULL
INFO:  3 : 7
 echo_arr_int  
---------------
 {NULL,NULL,7}
(1 row)

select echo_arr_int('[-1:0]={2,NULL}'::int2[]);
INFO:  0 : NULL
INFO:  -1 : 2
         echo_arr_int         
------------------------------
 [-2:2]={5,NULL,NULL,NULL,10}
(1 row)

select quote_nullable(echo_arr_int(NULL::int8[]));
 quote_nullable 
----------------
 NULL
(1 row)

SELECT echo_arr_int('{}'::int8[]);
 echo_arr_int 
--------------
 {}
(1 row)

SELECT echo_arr_int(array[1, 2, 3]::int8[]);
INFO:  1 : 1LL
INFO:  2 : 2LL
INFO:  3 : 3LL
 echo_arr_int 
--------------
 {1,2,3}
(1 row)

SELECT echo_arr_int(array[NULL, NULL, 7]::int8[]);
INFO:  1 : NULL
INFO:  2 : NULL
INFO:  3 : 7LL
 echo_arr_int  
---------------
 {NULL,NULL,7}
(1 row)

select echo_arr_int('[-1:0]={2,NULL}'::int8[]);
INFO:  0 : NULL
INFO:  -1 : 2LL
          echo_arr_int           
---------------------------------
 [-2:2]={5,NULL,NULL,NULL,65546}
(1 row)

